
> vedant-portfolio@0.1.0 build
> next build

node.exe : ⚠ Warning: 
Next.js inferred your 
workspace root, but it 
may not be correct.
At line:1 char:1
+ & "C:\Program 
Files\nodejs/node.exe" 
"C:\Program 
Files\nodejs/node_mo 
...
+ ~~~~~~~~~~~~~~~~~~~~~
~~~~~~~~~~~~~~~~~~~~~~~
~~~~~~~~~~~~~~~~~~~~~~~
~~
    + CategoryInfo     
         : NotSpecifi  
  ed: (⚠ Warning: Ne   
 xt...not be correc    
t.:String) [], Rem    
oteException
    + FullyQualifiedEr 
   rorId : NativeComm  
  andError
 
 We detected multiple 
lockfiles and selected 
the directory of C:\cod
es\package-lock.json 
as the root directory.
 To silence this 
warning, set 
`turbopack.root` in 
your Next.js config, 
or consider removing 
one of the lockfiles 
if it's not needed.
   See https://nextjs.o
rg/docs/app/api-referen
ce/config/next-config-j
s/turbopack#root-direct
ory for more 
information.
 Detected additional 
lockfiles: 
   * C:\codes\websites\
vedant-portfolio\packag
e-lock.json
   * C:\codes\websites\
package-lock.json

▲ Next.js 16.1.6 (Turbopack)

  Creating an optimized production build ...
Error: Cannot apply 
unknown utility class 
`text-white`. Are you 
using CSS modules or 
similar and missing 
`@reference`? https://t
ailwindcss.com/docs/fun
ctions-and-directives#r
eference-directive
    [2m[at 
onInvalidCandidate (C:\
codes\websites\vedant-p
ortfolio\node_modules\t
ailwindcss\dist\lib.js:
21:1314)][0m
    [2m[at Ee (C:\code
s\websites\vedant-portf
olio\node_modules\tailw
indcss\dist\lib.js:16:3
7066)][0m
    [2m[at C:\codes\we
bsites\vedant-portfolio
\node_modules\tailwindc
ss\dist\lib.js:21:355]
[0m
    [2m[at Pr (C:\code
s\websites\vedant-portf
olio\node_modules\tailw
indcss\dist\lib.js:3:17
33)][0m
    [2m[at _ (C:\codes
\websites\vedant-portfo
lio\node_modules\tailwi
ndcss\dist\lib.js:3:137
7)][0m
    [2m[at Te (C:\code
s\websites\vedant-portf
olio\node_modules\tailw
indcss\dist\lib.js:21:1
72)][0m
    [2m[at pn (C:\code
s\websites\vedant-portf
olio\node_modules\tailw
indcss\dist\lib.js:38:2
94)][0m
    [2m[at process.pro
cessTicksAndRejections 
(node:internal/process/
task_queues:103:5)][0m
    [2m[at async dn (C
:\codes\websites\vedant
-portfolio\node_modules
\tailwindcss\dist\lib.j
s:38:631)][0m
    [2m[at async Xr (C
:\codes\websites\vedant
-portfolio\node_modules
\@tailwindcss\node\dist
\index.js:10:3417)][0m

> Build error occurred
Error: Turbopack build 
failed with 1 errors:
./websites/vedant-portf
olio/src/app/globals.cs
s
Error evaluating 
Node.js code
CssSyntaxError: 
tailwindcss: C:\codes\w
ebsites\vedant-portfoli
o\src\app\globals.css:1
:1: Cannot apply 
unknown utility class 
`text-white`. Are you 
using CSS modules or 
similar and missing 
`@reference`? https://t
ailwindcss.com/docs/fun
ctions-and-directives#r
eference-directive
    at Input.error (web
sites/vedant-portfolio/
node_modules/postcss/li
b/input.js:135:16) [C:\
codes\websites\vedant-p
ortfolio\.next\build\ch
unks\3bb07_4fbb0b3f._.j
s:4651:22]
    at Root.error (webs
ites/vedant-portfolio/n
ode_modules/postcss/lib
/node.js:146:32) [C:\co
des\websites\vedant-por
tfolio\.next\build\chun
ks\3bb07_4fbb0b3f._.js:
928:38]
    [at Object.Once (C:
\codes\websites\vedant-
portfolio\node_modules\
@tailwindcss\postcss\di
st\index.js:10:6913)]
    [at process.process
TicksAndRejections (nod
e:internal/process/task
_queues:103:5)]
    at async 
LazyResult.runAsync (we
bsites/vedant-portfolio
/node_modules/postcss/l
ib/lazy-result.js:293:1
1) [C:\codes\websites\v
edant-portfolio\.next\b
uild\chunks\3bb07_4fbb0
b3f._.js:6214:21]
    at async transform 
(turbopack:///[turbopac
k-node]/transforms/post
css.ts:70:34) [C:\codes
\websites\vedant-portfo
lio\.next\build\chunks\
[root-of-the-server]__e
4bf3ea7._.js:146:36]
    at async run (turbo
pack:///[turbopack-node
]/ipc/evaluate.ts:92:23
) [C:\codes\websites\ve
dant-portfolio\.next\bu
ild\chunks\[root-of-the
-server]__6bdca1d9._.js
:443:31]

Import trace:
  Client Component 
Browser:
    ./websites/vedant-p
ortfolio/src/app/global
s.css [Client 
Component Browser]
    ./websites/vedant-p
ortfolio/src/app/layout
.tsx [Server Component]


    at async transform 
(turbopack:///[turbopac
k-node]/transforms/post
css.ts:70:34) [C:\codes
\websites\vedant-portfo
lio\.next\build\chunks\
[root-of-the-server]__e
4bf3ea7._.js:146:36])
    at async run (turbo
pack:///[turbopack-node
]/ipc/evaluate.ts:92:23
) [C:\codes\websites\ve
dant-portfolio\.next\bu
ild\chunks\[root-of-the
-server]__6bdca1d9._.js
:443:31])
